#
# There is insufficient memory for the Java Runtime Environment to continue.
# Native memory allocation (malloc) failed to allocate 584088 bytes. Error detail: Chunk::new
# Possible reasons:
#   The system is out of physical RAM or swap space
#   This process is running with CompressedOops enabled, and the Java Heap may be blocking the growth of the native heap
# Possible solutions:
#   Reduce memory load on the system
#   Increase physical memory or swap space
#   Check if swap backing store is full
#   Decrease Java heap size (-Xmx/-Xms)
#   Decrease number of Java threads
#   Decrease Java thread stack sizes (-Xss)
#   Set larger code cache with -XX:ReservedCodeCacheSize=
#   JVM is running with Zero Based Compressed Oops mode in which the Java heap is
#     placed in the first 32GB address space. The Java Heap base address is the
#     maximum limit for the native heap growth. Please use -XX:HeapBaseMinAddress
#     to set the Java Heap base and to place the Java Heap above 32GB virtual address.
# This output file may be truncated or incomplete.
#
#  Out of Memory Error (arena.cpp:186), pid=22068, tid=36128
#
# JRE version: Java(TM) SE Runtime Environment (25.0.2+10) (build 25.0.2+10-LTS-69)
# Java VM: Java HotSpot(TM) 64-Bit Server VM (25.0.2+10-LTS-69, mixed mode, sharing, tiered, compressed oops, compressed class ptrs, g1 gc, windows-amd64)
# No core dump will be written. Minidumps are not enabled by default on client versions of Windows
#

---------------  S U M M A R Y ------------

Command Line: --enable-native-access=ALL-UNNAMED -Dclassworlds.conf=C:\Users\SkyNet\.m2\wrapper\dists\apache-maven-3.9.16\0daed3be3ebd1c706f0e69e8b07c6b73f5cc4ea3dfce72a8d0ec2e849ca2ddb0\bin\m2.conf -Dmaven.home=C:\Users\SkyNet\.m2\wrapper\dists\apache-maven-3.9.16\0daed3be3ebd1c706f0e69e8b07c6b73f5cc4ea3dfce72a8d0ec2e849ca2ddb0 -Dlibrary.jansi.path=C:\Users\SkyNet\.m2\wrapper\dists\apache-maven-3.9.16\0daed3be3ebd1c706f0e69e8b07c6b73f5cc4ea3dfce72a8d0ec2e849ca2ddb0\lib\jansi-native -Dmaven.multiModuleProjectDirectory=C:\java-projects\ztp org.codehaus.plexus.classworlds.launcher.Launcher clean install

Host: Intel(R) Core(TM) i5-7300U CPU @ 2.60GHz, 4 cores, 15G,  Windows 11 , 64 bit Build 26100 (10.0.26100.8875)
Time: Tue Aug 11 06:48:13 2026 W. Central Africa Standard Time elapsed time: 450.237375 seconds (0d 0h 7m 30s)

---------------  T H R E A D  ---------------

Current thread (0x000001efcea94af0):  JavaThread "C2 CompilerThread0" daemon [_thread_in_native, id=36128, stack(0x000000dfd2200000,0x000000dfd2300000) (1024K)]


Current CompileTask:
C2:450237 3578       4       java.lang.StringLatin1::newString (24 bytes)

Stack: [0x000000dfd2200000,0x000000dfd2300000]
Native frames: (J=compiled Java code, j=interpreted, Vv=VM code, C=native code)
V  [jvm.dll+0x7a70f9]  (no source info available)
V  [jvm.dll+0x772d6d]  (no source info available)
V  [jvm.dll+0x965d53]  (no source info available)
V  [jvm.dll+0x968351]  (no source info available)
V  [jvm.dll+0x968a63]  (no source info available)
V  [jvm.dll+0x2fc846]  (no source info available)
V  [jvm.dll+0x111b16]  (no source info available)
V  [jvm.dll+0x111e3e]  (no source info available)
V  [jvm.dll+0x1a0872]  (no source info available)
V  [jvm.dll+0x3b54c2]  (no source info available)
V  [jvm.dll+0x7aca8f]  (no source info available)
V  [jvm.dll+0x2c0b97]  (no source info available)
V  [jvm.dll+0x2bfb5f]  (no source info available)
V  [jvm.dll+0x2379a0]  (no source info available)
V  [jvm.dll+0x2cfc86]  (no source info available)
V  [jvm.dll+0x2cdf05]  (no source info available)
V  [jvm.dll+0x48e9d1]  (no source info available)
V  [jvm.dll+0x906fcd]  (no source info available)
V  [jvm.dll+0x7a56d5]  (no source info available)
C  [ucrtbase.dll+0x2cd30]  (no source info available)
C  [KERNEL32.DLL+0x2e957]  (no source info available)
C  [ntdll.dll+0xaad6c]  (no source info available)

Lock stack of current Java thread (top to bottom):


---------------  P R O C E S S  ---------------

Threads class SMR info:
_java_thread_list=0x000001efd38124a0, length=13, elements={
0x000001efada13190, 0x000001efcea8d360, 0x000001efcea8eeb0, 0x000001efcea918c0,
0x000001efcea92480, 0x000001efcea93040, 0x000001efcea93c00, 0x000001efcea94af0,
0x000001efceaa0100, 0x000001efceb6b2e0, 0x000001efceb6baa0, 0x000001efd31a6e00,
0x000001efd3789f90
}

Java Threads: ( => current thread )
  0x000001efada13190 JavaThread "main"                              [_thread_in_native, id=65324, stack(0x000000dfd1300000,0x000000dfd1400000) (1024K)]
  0x000001efcea8d360 JavaThread "Reference Handler"          daemon [_thread_blocked, id=31464, stack(0x000000dfd1c00000,0x000000dfd1d00000) (1024K)]
  0x000001efcea8eeb0 JavaThread "Finalizer"                  daemon [_thread_blocked, id=36496, stack(0x000000dfd1d00000,0x000000dfd1e00000) (1024K)]
  0x000001efcea918c0 JavaThread "Signal Dispatcher"          daemon [_thread_blocked, id=16012, stack(0x000000dfd1e00000,0x000000dfd1f00000) (1024K)]
  0x000001efcea92480 JavaThread "Attach Listener"            daemon [_thread_blocked, id=30480, stack(0x000000dfd1f00000,0x000000dfd2000000) (1024K)]
  0x000001efcea93040 JavaThread "Service Thread"             daemon [_thread_blocked, id=11968, stack(0x000000dfd2000000,0x000000dfd2100000) (1024K)]
  0x000001efcea93c00 JavaThread "Monitor Deflation Thread"   daemon [_thread_blocked, id=26236, stack(0x000000dfd2100000,0x000000dfd2200000) (1024K)]
=>0x000001efcea94af0 JavaThread "C2 CompilerThread0"         daemon [_thread_in_native, id=36128, stack(0x000000dfd2200000,0x000000dfd2300000) (1024K)]
  0x000001efceaa0100 JavaThread "C1 CompilerThread0"         daemon [_thread_blocked, id=57368, stack(0x000000dfd2300000,0x000000dfd2400000) (1024K)]
  0x000001efceb6b2e0 JavaThread "Notification Thread"        daemon [_thread_blocked, id=32464, stack(0x000000dfd2400000,0x000000dfd2500000) (1024K)]
  0x000001efceb6baa0 JavaThread "Common-Cleaner"             daemon [_thread_blocked, id=63448, stack(0x000000dfd2500000,0x000000dfd2600000) (1024K)]
  0x000001efd31a6e00 JavaThread "cleanup"                    daemon [_thread_in_native, id=42336, stack(0x000000dfd2600000,0x000000dfd2700000) (1024K)]
  0x000001efd3789f90 JavaThread "Thread-1"                   daemon [_thread_blocked, id=62296, stack(0x000000dfd2700000,0x000000dfd2800000) (1024K)]
Total: 13

Other Threads:
  0x000001efcea784b0 VMThread "VM Thread"                           [id=66644, stack(0x000000dfd1b00000,0x000000dfd1c00000) (1024K)]
  0x000001efcea69670 WatcherThread "VM Periodic Task Thread"        [id=28948, stack(0x000000dfd1a00000,0x000000dfd1b00000) (1024K)]
  0x000001efafe944d0 WorkerThread "GC Thread#0"                     [id=46432, stack(0x000000dfd1500000,0x000000dfd1600000) (1024K)]
  0x000001efd3720e70 WorkerThread "GC Thread#1"                     [id=47008, stack(0x000000dfd2800000,0x000000dfd2900000) (1024K)]
  0x000001efd37212a0 WorkerThread "GC Thread#2"                     [id=59572, stack(0x000000dfd2900000,0x000000dfd2a00000) (1024K)]
  0x000001efd352f030 WorkerThread "GC Thread#3"                     [id=8028, stack(0x000000dfd2a00000,0x000000dfd2b00000) (1024K)]
  0x000001efafead200 ConcurrentGCThread "G1 Main Marker"            [id=67480, stack(0x000000dfd1600000,0x000000dfd1700000) (1024K)]
  0x000001efafeadda0 WorkerThread "G1 Conc#0"                       [id=41676, stack(0x000000dfd1700000,0x000000dfd1800000) (1024K)]
  0x000001efafee17e0 ConcurrentGCThread "G1 Refine#0"               [id=45768, stack(0x000000dfd1800000,0x000000dfd1900000) (1024K)]
  0x000001efafee4200 ConcurrentGCThread "G1 Service"                [id=27800, stack(0x000000dfd1900000,0x000000dfd1a00000) (1024K)]
Total: 10

Threads with active compile tasks:
C2 CompilerThread0  450429 3578       4       java.lang.StringLatin1::newString (24 bytes)
Total: 1

VM state: not at safepoint (normal execution)

VM Mutex/Monitor currently owned by a thread: None

Heap address: 0x0000000702600000, size: 4058 MB, Compressed Oops mode: Zero based, Oop shift amount: 3

CDS archive(s) mapped at: [0x0000000016000000-0x0000000016dd0000-0x0000000016dd0000), size 14483456, SharedBaseAddress: 0x0000000016000000, ArchiveRelocationMode: 1.
Compressed class space mapped at: 0x0000000017000000-0x0000000057000000, reserved size: 1073741824
UseCompressedClassPointers 1, UseCompactObjectHeaders 0
Narrow klass pointer bits 32, Max shift 3
Narrow klass base: 0x0000000016000000, Narrow klass shift: 0
Encoding Range: [0x0000000016000000 - 0x0000000116000000), (4294967296 bytes)
Klass Range:    [0x0000000016010000 - 0x0000000057000000), (1090453504 bytes)
Klass ID Range:  [65536 - 1090519033) (1090453497)
Protection zone: [0x0000000016000000 - 0x0000000016010000), (65536 bytes)

GC Precious Log:
 CardTable entry size: 512
 Card Set container configuration: InlinePtr #cards 4 size 8 Array Of Cards #cards 16 size 48 Howl #buckets 8 coarsen threshold 3686 Howl Bitmap #cards 512 size 80 coarsen threshold 460 Card regions per heap region 1 cards per card region 4096
 CPUs: 4 total, 4 available
 Memory: 16227M
 Large Page Support: Disabled
 NUMA Support: Disabled
 Compressed Oops: Enabled (Zero based)
 Heap Region Size: 2M
 Heap Min Capacity: 8M
 Heap Initial Capacity: 254M
 Heap Max Capacity: 4058M
 Pre-touch: Disabled
 Parallel Workers: 4
 Concurrent Workers: 1
 Concurrent Refinement Workers: 4
 Periodic GC: Disabled

Heap:
 garbage-first heap   total reserved 4155392K, committed 262144K, used 78045K [0x0000000702600000, 0x0000000800000000)
  region size 2048K, 39 young (79872K), 2 survivors (4096K)

Heap Regions: E=young(eden), S=young(survivor), O=old, HS=humongous(starts), HC=humongous(continues), CS=collection set, F=free, TAMS=top-at-mark-start, PB=parsable bottom
|   0|0x0000000702600000, 0x0000000702600000, 0x0000000702800000|  0%| F|  |TAMS 0x0000000702600000| PB 0x0000000702600000| Untracked |  0
|   1|0x0000000702800000, 0x0000000702800000, 0x0000000702a00000|  0%| F|  |TAMS 0x0000000702800000| PB 0x0000000702800000| Untracked |  0
|   2|0x0000000702a00000, 0x0000000702a00000, 0x0000000702c00000|  0%| F|  |TAMS 0x0000000702a00000| PB 0x0000000702a00000| Untracked |  0
|   3|0x0000000702c00000, 0x0000000702c00000, 0x0000000702e00000|  0%| F|  |TAMS 0x0000000702c00000| PB 0x0000000702c00000| Untracked |  0
|   4|0x0000000702e00000, 0x0000000702e00000, 0x0000000703000000|  0%| F|  |TAMS 0x0000000702e00000| PB 0x0000000702e00000| Untracked |  0
|   5|0x0000000703000000, 0x0000000703000000, 0x0000000703200000|  0%| F|  |TAMS 0x0000000703000000| PB 0x0000000703000000| Untracked |  0
|   6|0x0000000703200000, 0x0000000703200000, 0x0000000703400000|  0%| F|  |TAMS 0x0000000703200000| PB 0x0000000703200000| Untracked |  0
|   7|0x0000000703400000, 0x0000000703400000, 0x0000000703600000|  0%| F|  |TAMS 0x0000000703400000| PB 0x0000000703400000| Untracked |  0
|   8|0x0000000703600000, 0x0000000703600000, 0x0000000703800000|  0%| F|  |TAMS 0x0000000703600000| PB 0x0000000703600000| Untracked |  0
|   9|0x0000000703800000, 0x0000000703800000, 0x0000000703a00000|  0%| F|  |TAMS 0x0000000703800000| PB 0x0000000703800000| Untracked |  0
|  10|0x0000000703a00000, 0x0000000703a00000, 0x0000000703c00000|  0%| F|  |TAMS 0x0000000703a00000| PB 0x0000000703a00000| Untracked |  0
|  11|0x0000000703c00000, 0x0000000703c00000, 0x0000000703e00000|  0%| F|  |TAMS 0x0000000703c00000| PB 0x0000000703c00000| Untracked |  0
|  12|0x0000000703e00000, 0x0000000703e00000, 0x0000000704000000|  0%| F|  |TAMS 0x0000000703e00000| PB 0x0000000703e00000| Untracked |  0
|  13|0x0000000704000000, 0x0000000704000000, 0x0000000704200000|  0%| F|  |TAMS 0x0000000704000000| PB 0x0000000704000000| Untracked |  0
|  14|0x0000000704200000, 0x0000000704200000, 0x0000000704400000|  0%| F|  |TAMS 0x0000000704200000| PB 0x0000000704200000| Untracked |  0
|  15|0x0000000704400000, 0x0000000704400000, 0x0000000704600000|  0%| F|  |TAMS 0x0000000704400000| PB 0x0000000704400000| Untracked |  0
|  16|0x0000000704600000, 0x0000000704600000, 0x0000000704800000|  0%| F|  |TAMS 0x0000000704600000| PB 0x0000000704600000| Untracked |  0
|  17|0x0000000704800000, 0x0000000704800000, 0x0000000704a00000|  0%| F|  |TAMS 0x0000000704800000| PB 0x0000000704800000| Untracked |  0
|  18|0x0000000704a00000, 0x0000000704a00000, 0x0000000704c00000|  0%| F|  |TAMS 0x0000000704a00000| PB 0x0000000704a00000| Untracked |  0
|  19|0x0000000704c00000, 0x0000000704c00000, 0x0000000704e00000|  0%| F|  |TAMS 0x0000000704c00000| PB 0x0000000704c00000| Untracked |  0
|  20|0x0000000704e00000, 0x0000000704e00000, 0x0000000705000000|  0%| F|  |TAMS 0x0000000704e00000| PB 0x0000000704e00000| Untracked |  0
|  21|0x0000000705000000, 0x0000000705000000, 0x0000000705200000|  0%| F|  |TAMS 0x0000000705000000| PB 0x0000000705000000| Untracked |  0
|  22|0x0000000705200000, 0x0000000705200000, 0x0000000705400000|  0%| F|  |TAMS 0x0000000705200000| PB 0x0000000705200000| Untracked |  0
|  23|0x0000000705400000, 0x0000000705400000, 0x0000000705600000|  0%| F|  |TAMS 0x0000000705400000| PB 0x0000000705400000| Untracked |  0
|  24|0x0000000705600000, 0x0000000705600000, 0x0000000705800000|  0%| F|  |TAMS 0x0000000705600000| PB 0x0000000705600000| Untracked |  0
|  25|0x0000000705800000, 0x0000000705800000, 0x0000000705a00000|  0%| F|  |TAMS 0x0000000705800000| PB 0x0000000705800000| Untracked |  0
|  26|0x0000000705a00000, 0x0000000705a00000, 0x0000000705c00000|  0%| F|  |TAMS 0x0000000705a00000| PB 0x0000000705a00000| Untracked |  0
|  27|0x0000000705c00000, 0x0000000705c00000, 0x0000000705e00000|  0%| F|  |TAMS 0x0000000705c00000| PB 0x0000000705c00000| Untracked |  0
|  28|0x0000000705e00000, 0x0000000705e00000, 0x0000000706000000|  0%| F|  |TAMS 0x0000000705e00000| PB 0x0000000705e00000| Untracked |  0
|  29|0x0000000706000000, 0x0000000706000000, 0x0000000706200000|  0%| F|  |TAMS 0x0000000706000000| PB 0x0000000706000000| Untracked |  0
|  30|0x0000000706200000, 0x0000000706200000, 0x0000000706400000|  0%| F|  |TAMS 0x0000000706200000| PB 0x0000000706200000| Untracked |  0
|  31|0x0000000706400000, 0x0000000706400000, 0x0000000706600000|  0%| F|  |TAMS 0x0000000706400000| PB 0x0000000706400000| Untracked |  0
|  32|0x0000000706600000, 0x0000000706600000, 0x0000000706800000|  0%| F|  |TAMS 0x0000000706600000| PB 0x0000000706600000| Untracked |  0
|  33|0x0000000706800000, 0x0000000706800000, 0x0000000706a00000|  0%| F|  |TAMS 0x0000000706800000| PB 0x0000000706800000| Untracked |  0
|  34|0x0000000706a00000, 0x0000000706a00000, 0x0000000706c00000|  0%| F|  |TAMS 0x0000000706a00000| PB 0x0000000706a00000| Untracked |  0
|  35|0x0000000706c00000, 0x0000000706c00000, 0x0000000706e00000|  0%| F|  |TAMS 0x0000000706c00000| PB 0x0000000706c00000| Untracked |  0
|  36|0x0000000706e00000, 0x0000000706e00000, 0x0000000707000000|  0%| F|  |TAMS 0x0000000706e00000| PB 0x0000000706e00000| Untracked |  0
|  37|0x0000000707000000, 0x0000000707000000, 0x0000000707200000|  0%| F|  |TAMS 0x0000000707000000| PB 0x0000000707000000| Untracked |  0
|  38|0x0000000707200000, 0x0000000707200000, 0x0000000707400000|  0%| F|  |TAMS 0x0000000707200000| PB 0x0000000707200000| Untracked |  0
|  39|0x0000000707400000, 0x0000000707400000, 0x0000000707600000|  0%| F|  |TAMS 0x0000000707400000| PB 0x0000000707400000| Untracked |  0
|  40|0x0000000707600000, 0x0000000707600000, 0x0000000707800000|  0%| F|  |TAMS 0x0000000707600000| PB 0x0000000707600000| Untracked |  0
|  41|0x0000000707800000, 0x0000000707800000, 0x0000000707a00000|  0%| F|  |TAMS 0x0000000707800000| PB 0x0000000707800000| Untracked |  0
|  42|0x0000000707a00000, 0x0000000707a00000, 0x0000000707c00000|  0%| F|  |TAMS 0x0000000707a00000| PB 0x0000000707a00000| Untracked |  0
|  43|0x0000000707c00000, 0x0000000707c00000, 0x0000000707e00000|  0%| F|  |TAMS 0x0000000707c00000| PB 0x0000000707c00000| Untracked |  0
|  44|0x0000000707e00000, 0x0000000707e00000, 0x0000000708000000|  0%| F|  |TAMS 0x0000000707e00000| PB 0x0000000707e00000| Untracked |  0
|  45|0x0000000708000000, 0x0000000708000000, 0x0000000708200000|  0%| F|  |TAMS 0x0000000708000000| PB 0x0000000708000000| Untracked |  0
|  46|0x0000000708200000, 0x0000000708200000, 0x0000000708400000|  0%| F|  |TAMS 0x0000000708200000| PB 0x0000000708200000| Untracked |  0
|  47|0x0000000708400000, 0x0000000708400000, 0x0000000708600000|  0%| F|  |TAMS 0x0000000708400000| PB 0x0000000708400000| Untracked |  0
|  48|0x0000000708600000, 0x0000000708600000, 0x0000000708800000|  0%| F|  |TAMS 0x0000000708600000| PB 0x0000000708600000| Untracked |  0
|  49|0x0000000708800000, 0x0000000708800000, 0x0000000708a00000|  0%| F|  |TAMS 0x0000000708800000| PB 0x0000000708800000| Untracked |  0
|  50|0x0000000708a00000, 0x0000000708a00000, 0x0000000708c00000|  0%| F|  |TAMS 0x0000000708a00000| PB 0x0000000708a00000| Untracked |  0
|  51|0x0000000708c00000, 0x0000000708c00000, 0x0000000708e00000|  0%| F|  |TAMS 0x0000000708c00000| PB 0x0000000708c00000| Untracked |  0
|  52|0x0000000708e00000, 0x0000000708e00000, 0x0000000709000000|  0%| F|  |TAMS 0x0000000708e00000| PB 0x0000000708e00000| Untracked |  0
|  53|0x0000000709000000, 0x0000000709000000, 0x0000000709200000|  0%| F|  |TAMS 0x0000000709000000| PB 0x0000000709000000| Untracked |  0
|  54|0x0000000709200000, 0x0000000709200000, 0x0000000709400000|  0%| F|  |TAMS 0x0000000709200000| PB 0x0000000709200000| Untracked |  0
|  55|0x0000000709400000, 0x0000000709400000, 0x0000000709600000|  0%| F|  |TAMS 0x0000000709400000| PB 0x0000000709400000| Untracked |  0
|  56|0x0000000709600000, 0x0000000709600000, 0x0000000709800000|  0%| F|  |TAMS 0x0000000709600000| PB 0x0000000709600000| Untracked |  0
|  57|0x0000000709800000, 0x0000000709800000, 0x0000000709a00000|  0%| F|  |TAMS 0x0000000709800000| PB 0x0000000709800000| Untracked |  0
|  58|0x0000000709a00000, 0x0000000709a00000, 0x0000000709c00000|  0%| F|  |TAMS 0x0000000709a00000| PB 0x0000000709a00000| Untracked |  0
|  59|0x0000000709c00000, 0x0000000709c00000, 0x0000000709e00000|  0%| F|  |TAMS 0x0000000709c00000| PB 0x0000000709c00000| Untracked |  0
|  60|0x0000000709e00000, 0x0000000709e00000, 0x000000070a000000|  0%| F|  |TAMS 0x0000000709e00000| PB 0x0000000709e00000| Untracked |  0
|  61|0x000000070a000000, 0x000000070a000000, 0x000000070a200000|  0%| F|  |TAMS 0x000000070a000000| PB 0x000000070a000000| Untracked |  0
|  62|0x000000070a200000, 0x000000070a200000, 0x000000070a400000|  0%| F|  |TAMS 0x000000070a200000| PB 0x000000070a200000| Untracked |  0
|  63|0x000000070a400000, 0x000000070a400000, 0x000000070a600000|  0%| F|  |TAMS 0x000000070a400000| PB 0x000000070a400000| Untracked |  0
|  64|0x000000070a600000, 0x000000070a600000, 0x000000070a800000|  0%| F|  |TAMS 0x000000070a600000| PB 0x000000070a600000| Untracked |  0
|  65|0x000000070a800000, 0x000000070a800000, 0x000000070aa00000|  0%| F|  |TAMS 0x000000070a800000| PB 0x000000070a800000| Untracked |  0
|  66|0x000000070aa00000, 0x000000070aa00000, 0x000000070ac00000|  0%| F|  |TAMS 0x000000070aa00000| PB 0x000000070aa00000| Untracked |  0
|  67|0x000000070ac00000, 0x000000070ac00000, 0x000000070ae00000|  0%| F|  |TAMS 0x000000070ac00000| PB 0x000000070ac00000| Untracked |  0
|  68|0x000000070ae00000, 0x000000070ae00000, 0x000000070b000000|  0%| F|  |TAMS 0x000000070ae00000| PB 0x000000070ae00000| Untracked |  0
|  69|0x000000070b000000, 0x000000070b000000, 0x000000070b200000|  0%| F|  |TAMS 0x000000070b000000| PB 0x000000070b000000| Untracked |  0
|  70|0x000000070b200000, 0x000000070b200000, 0x000000070b400000|  0%| F|  |TAMS 0x000000070b200000| PB 0x000000070b200000| Untracked |  0
|  71|0x000000070b400000, 0x000000070b400000, 0x000000070b600000|  0%| F|  |TAMS 0x000000070b400000| PB 0x000000070b400000| Untracked |  0
|  72|0x000000070b600000, 0x000000070b600000, 0x000000070b800000|  0%| F|  |TAMS 0x000000070b600000| PB 0x000000070b600000| Untracked |  0
|  73|0x000000070b800000, 0x000000070b800000, 0x000000070ba00000|  0%| F|  |TAMS 0x000000070b800000| PB 0x000000070b800000| Untracked |  0
|  74|0x000000070ba00000, 0x000000070ba00000, 0x000000070bc00000|  0%| F|  |TAMS 0x000000070ba00000| PB 0x000000070ba00000| Untracked |  0
|  75|0x000000070bc00000, 0x000000070bc00000, 0x000000070be00000|  0%| F|  |TAMS 0x000000070bc00000| PB 0x000000070bc00000| Untracked |  0
|  76|0x000000070be00000, 0x000000070be00000, 0x000000070c000000|  0%| F|  |TAMS 0x000000070be00000| PB 0x000000070be00000| Untracked |  0
|  77|0x000000070c000000, 0x000000070c000000, 0x000000070c200000|  0%| F|  |TAMS 0x000000070c000000| PB 0x000000070c000000| Untracked |  0
|  78|0x000000070c200000, 0x000000070c200000, 0x000000070c400000|  0%| F|  |TAMS 0x000000070c200000| PB 0x000000070c200000| Untracked |  0
|  79|0x000000070c400000, 0x000000070c400000, 0x000000070c600000|  0%| F|  |TAMS 0x000000070c400000| PB 0x000000070c400000| Untracked |  0
|  80|0x000000070c600000, 0x000000070c600000, 0x000000070c800000|  0%| F|  |TAMS 0x000000070c600000| PB 0x000000070c600000| Untracked |  0
|  81|0x000000070c800000, 0x000000070c800000, 0x000000070ca00000|  0%| F|  |TAMS 0x000000070c800000| PB 0x000000070c800000| Untracked |  0
|  82|0x000000070ca00000, 0x000000070ca00000, 0x000000070cc00000|  0%| F|  |TAMS 0x000000070ca00000| PB 0x000000070ca00000| Untracked |  0
|  83|0x000000070cc00000, 0x000000070cc00000, 0x000000070ce00000|  0%| F|  |TAMS 0x000000070cc00000| PB 0x000000070cc00000| Untracked |  0
|  84|0x000000070ce00000, 0x000000070ce00000, 0x000000070d000000|  0%| F|  |TAMS 0x000000070ce00000| PB 0x000000070ce00000| Untracked |  0
|  85|0x000000070d000000, 0x000000070d000000, 0x000000070d200000|  0%| F|  |TAMS 0x000000070d000000| PB 0x000000070d000000| Untracked |  0
|  86|0x000000070d200000, 0x000000070d200000, 0x000000070d400000|  0%| F|  |TAMS 0x000000070d200000| PB 0x000000070d200000| Untracked |  0
|  87|0x000000070d400000, 0x000000070d400000, 0x000000070d600000|  0%| F|  |TAMS 0x000000070d400000| PB 0x000000070d400000| Untracked |  0
|  88|0x000000070d600000, 0x000000070d676618, 0x000000070d800000| 23%| E|  |TAMS 0x000000070d600000| PB 0x000000070d600000| Complete |  0
|  89|0x000000070d800000, 0x000000070da00000, 0x000000070da00000|100%| E|CS|TAMS 0x000000070d800000| PB 0x000000070d800000| Complete |  0
|  90|0x000000070da00000, 0x000000070dc00000, 0x000000070dc00000|100%| E|CS|TAMS 0x000000070da00000| PB 0x000000070da00000| Complete |  0
|  91|0x000000070dc00000, 0x000000070de00000, 0x000000070de00000|100%| E|CS|TAMS 0x000000070dc00000| PB 0x000000070dc00000| Complete |  0
|  92|0x000000070de00000, 0x000000070e000000, 0x000000070e000000|100%| E|CS|TAMS 0x000000070de00000| PB 0x000000070de00000| Complete |  0
|  93|0x000000070e000000, 0x000000070e200000, 0x000000070e200000|100%| E|CS|TAMS 0x000000070e000000| PB 0x000000070e000000| Complete |  0
|  94|0x000000070e200000, 0x000000070e400000, 0x000000070e400000|100%| E|CS|TAMS 0x000000070e200000| PB 0x000000070e200000| Complete |  0
|  95|0x000000070e400000, 0x000000070e600000, 0x000000070e600000|100%| E|CS|TAMS 0x000000070e400000| PB 0x000000070e400000| Complete |  0
|  96|0x000000070e600000, 0x000000070e800000, 0x000000070e800000|100%| E|CS|TAMS 0x000000070e600000| PB 0x000000070e600000| Complete |  0
|  97|0x000000070e800000, 0x000000070ea00000, 0x000000070ea00000|100%| E|CS|TAMS 0x000000070e800000| PB 0x000000070e800000| Complete |  0
|  98|0x000000070ea00000, 0x000000070ec00000, 0x000000070ec00000|100%| E|CS|TAMS 0x000000070ea00000| PB 0x000000070ea00000| Complete |  0
|  99|0x000000070ec00000, 0x000000070ee00000, 0x000000070ee00000|100%| E|CS|TAMS 0x000000070ec00000| PB 0x000000070ec00000| Complete |  0
| 100|0x000000070ee00000, 0x000000070f000000, 0x000000070f000000|100%| E|CS|TAMS 0x000000070ee00000| PB 0x000000070ee00000| Complete |  0
| 101|0x000000070f000000, 0x000000070f200000, 0x000000070f200000|100%| E|CS|TAMS 0x000000070f000000| PB 0x000000070f000000| Complete |  0
| 102|0x000000070f200000, 0x000000070f400000, 0x000000070f400000|100%| E|CS|TAMS 0x000000070f200000| PB 0x000000070f200000| Complete |  0
| 103|0x000000070f400000, 0x000000070f600000, 0x000000070f600000|100%| E|CS|TAMS 0x000000070f400000| PB 0x000000070f400000| Complete |  0
| 104|0x000000070f600000, 0x000000070f800000, 0x000000070f800000|100%| E|CS|TAMS 0x000000070f600000| PB 0x000000070f600000| Complete |  0
| 105|0x000000070f800000, 0x000000070fa00000, 0x000000070fa00000|100%| E|CS|TAMS 0x000000070f800000| PB 0x000000070f800000| Complete |  0
| 106|0x000000070fa00000, 0x000000070fc00000, 0x000000070fc00000|100%| E|CS|TAMS 0x000000070fa00000| PB 0x000000070fa00000| Complete |  0
| 107|0x000000070fc00000, 0x000000070fe00000, 0x000000070fe00000|100%| E|CS|TAMS 0x000000070fc00000| PB 0x000000070fc00000| Complete |  0
| 108|0x000000070fe00000, 0x0000000710000000, 0x0000000710000000|100%| E|CS|TAMS 0x000000070fe00000| PB 0x000000070fe00000| Complete |  0
| 109|0x0000000710000000, 0x0000000710200000, 0x0000000710200000|100%| E|CS|TAMS 0x0000000710000000| PB 0x0000000710000000| Complete |  0
| 110|0x0000000710200000, 0x0000000710400000, 0x0000000710400000|100%| E|CS|TAMS 0x0000000710200000| PB 0x0000000710200000| Complete |  0
| 111|0x0000000710400000, 0x0000000710512010, 0x0000000710600000| 53%| S|CS|TAMS 0x0000000710400000| PB 0x0000000710400000| Complete |  0
| 112|0x0000000710600000, 0x0000000710800000, 0x0000000710800000|100%| S|CS|TAMS 0x0000000710600000| PB 0x0000000710600000| Complete |  0
| 113|0x0000000710800000, 0x0000000710a00000, 0x0000000710a00000|100%| E|CS|TAMS 0x0000000710800000| PB 0x0000000710800000| Complete |  0
| 114|0x0000000710a00000, 0x0000000710c00000, 0x0000000710c00000|100%| E|CS|TAMS 0x0000000710a00000| PB 0x0000000710a00000| Complete |  0
| 115|0x0000000710c00000, 0x0000000710e00000, 0x0000000710e00000|100%| E|CS|TAMS 0x0000000710c00000| PB 0x0000000710c00000| Complete |  0
| 116|0x0000000710e00000, 0x0000000711000000, 0x0000000711000000|100%| E|CS|TAMS 0x0000000710e00000| PB 0x0000000710e00000| Complete |  0
| 117|0x0000000711000000, 0x0000000711200000, 0x0000000711200000|100%| E|CS|TAMS 0x0000000711000000| PB 0x0000000711000000| Complete |  0
| 118|0x0000000711200000, 0x0000000711400000, 0x0000000711400000|100%| E|CS|TAMS 0x0000000711200000| PB 0x0000000711200000| Complete |  0
| 119|0x0000000711400000, 0x0000000711600000, 0x0000000711600000|100%| E|CS|TAMS 0x0000000711400000| PB 0x0000000711400000| Complete |  0
| 120|0x0000000711600000, 0x0000000711800000, 0x0000000711800000|100%| E|CS|TAMS 0x0000000711600000| PB 0x0000000711600000| Complete |  0
| 121|0x0000000711800000, 0x0000000711a00000, 0x0000000711a00000|100%| E|CS|TAMS 0x0000000711800000| PB 0x0000000711800000| Complete |  0
| 122|0x0000000711a00000, 0x0000000711c00000, 0x0000000711c00000|100%| E|CS|TAMS 0x0000000711a00000| PB 0x0000000711a00000| Complete |  0
| 123|0x0000000711c00000, 0x0000000711e00000, 0x0000000711e00000|100%| E|CS|TAMS 0x0000000711c00000| PB 0x0000000711c00000| Complete |  0
| 124|0x0000000711e00000, 0x0000000712000000, 0x0000000712000000|100%| E|CS|TAMS 0x0000000711e00000| PB 0x0000000711e00000| Complete |  0
| 125|0x0000000712000000, 0x0000000712200000, 0x0000000712200000|100%| E|CS|TAMS 0x0000000712000000| PB 0x0000000712000000| Complete |  0
| 126|0x0000000712200000, 0x0000000712400000, 0x0000000712400000|100%| E|CS|TAMS 0x0000000712200000| PB 0x0000000712200000| Complete |  0
|2028|0x00000007ffe00000, 0x00000007fff257b8, 0x0000000800000000| 57%| O|  |TAMS 0x00000007ffe00000| PB 0x00000007ffe00000| Untracked |  0

Card table byte_map: [0x000001efc7eb0000,0x000001efc86a0000] _byte_map_base: 0x000001efc469d000

Marking Bits: (CMBitMap*) 0x000001efafe94c60
 Bits: [0x000001efc86a0000, 0x000001efcc608000)

Polling page: 0x000001efadc60000

Metaspace:
Metaspace        used 14785K, committed 14976K, reserved 1114112K
 class space     used 1833K, committed 1920K, reserved 1048576K

Usage:
  Non-class:     12.65 MB used.
      Class:      1.79 MB used.
       Both:     14.44 MB used.

Virtual space:
  Non-class space:       64.00 MB reserved,      12.75 MB ( 20%) committed,  1 nodes.
      Class space:        1.00 GB reserved,       1.88 MB ( <1%) committed,  1 nodes.
             Both:        1.06 GB reserved,      14.62 MB (  1%) committed. 

Chunk freelists:
   Non-Class:  2.64 MB
       Class:  13.94 MB
        Both:  16.58 MB

MaxMetaspaceSize: unlimited
CompressedClassSpaceSize: 1.00 GB
Initial GC threshold: 21.00 MB
Current GC threshold: 21.00 MB
CDS: on
 - commit_granule_bytes: 65536.
 - commit_granule_words: 8192.
 - virtual_space_node_default_size: 8388608.
 - enlarge_chunks_in_place: 1.
UseCompressedClassPointers 1, UseCompactObjectHeaders 0
Narrow klass pointer bits 32, Max shift 3
Narrow klass base: 0x0000000016000000, Narrow klass shift: 0
Encoding Range: [0x0000000016000000 - 0x0000000116000000), (4294967296 bytes)
Klass Range:    [0x0000000016010000 - 0x0000000057000000), (1090453504 bytes)
Klass ID Range:  [65536 - 1090519033) (1090453497)
Protection zone: [0x0000000016000000 - 0x0000000016010000), (65536 bytes)


Internal statistics:

num_allocs_failed_limit: 0.
num_arena_births: 124.
num_arena_deaths: 0.
num_vsnodes_births: 2.
num_vsnodes_deaths: 0.
num_space_committed: 234.
num_space_uncommitted: 0.
num_chunks_returned_to_freelist: 0.
num_chunks_taken_from_freelist: 629.
num_chunk_merges: 0.
num_chunk_splits: 430.
num_chunks_enlarged: 352.
num_inconsistent_stats: 0.

CodeHeap 'non-profiled nmethods': size=120064Kb used=1238Kb max_used=1238Kb free=118825Kb
 bounds [0x000001efc0180000, 0x000001efc03f0000, 0x000001efc76c0000]
CodeHeap 'profiled nmethods': size=120000Kb used=5747Kb max_used=5747Kb free=114252Kb
 bounds [0x000001efb86c0000, 0x000001efb8c60000, 0x000001efbfbf0000]
CodeHeap 'non-nmethods': size=5696Kb used=1394Kb max_used=1423Kb free=4301Kb
 bounds [0x000001efbfbf0000, 0x000001efbfe60000, 0x000001efc0180000]
CodeCache: size=245760Kb, used=8379Kb, max_used=8408Kb, free=237378Kb
 total_blobs=4094, nmethods=3577, adapters=419, full_count=0
Compilation: enabled, stopped_count=0, restarted_count=0

Compilation events (20 events):
Event: 448.501 Thread 0x000001efceaa0100 nmethod 3570 0x000001efb8c55d88 code [0x000001efb8c55e80, 0x000001efb8c56678]
Event: 448.501 Thread 0x000001efceaa0100 3571       3       java.nio.Buffer::discardMark (6 bytes)
Event: 448.501 Thread 0x000001efceaa0100 nmethod 3571 0x000001efb8c56688 code [0x000001efb8c56780, 0x000001efb8c56890]
Event: 448.754 Thread 0x000001efceaa0100 3572       3       java.io.FileInputStream::available (5 bytes)
Event: 448.754 Thread 0x000001efceaa0100 nmethod 3572 0x000001efb8c56988 code [0x000001efb8c56a80, 0x000001efb8c56bb0]
Event: 448.969 Thread 0x000001efceaa0100 3573       3       java.util.Iterator::forEachRemaining (30 bytes)
Event: 448.970 Thread 0x000001efceaa0100 nmethod 3573 0x000001efb8c56c88 code [0x000001efb8c56d80, 0x000001efb8c572c8]
Event: 448.970 Thread 0x000001efceaa0100 3574       1       org.apache.maven.model.profile.DefaultProfileActivationContext::getSystemProperties (5 bytes)
Event: 448.970 Thread 0x000001efceaa0100 nmethod 3574 0x000001efc02b5108 code [0x000001efc02b5200, 0x000001efc02b52c8]
Event: 448.970 Thread 0x000001efcea94af0 3575       4       org.codehaus.plexus.interpolation.ValueSource::getValue (8 bytes)
Event: 448.971 Thread 0x000001efcea94af0 nmethod 3575 0x000001efc02b5408 code [0x000001efc02b5500, 0x000001efc02b55a0]
Event: 449.163 Thread 0x000001efceaa0100 3576       3       org.apache.maven.model.interpolation.StringVisitorModelInterpolator$ModelVisitor::visit (80 bytes)
Event: 449.164 Thread 0x000001efcea94af0 3578       4       java.lang.StringLatin1::newString (24 bytes)
Event: 449.164 Thread 0x000001efceaa0100 nmethod 3576 0x000001efb8c57308 code [0x000001efb8c57400, 0x000001efb8c57ab8]
Event: 449.164 Thread 0x000001efceaa0100 3580       3       java.util.regex.Pattern$Curly::match (91 bytes)
Event: 449.165 Thread 0x000001efceaa0100 nmethod 3580 0x000001efb8c57b08 code [0x000001efb8c57c00, 0x000001efb8c58200]
Event: 449.165 Thread 0x000001efceaa0100 3579       3       java.util.regex.Matcher::matches (10 bytes)
Event: 449.165 Thread 0x000001efceaa0100 nmethod 3579 0x000001efb8c58208 code [0x000001efb8c58300, 0x000001efb8c584c8]
Event: 449.165 Thread 0x000001efceaa0100 3577       1       org.apache.maven.model.Model::getDescription (5 bytes)
Event: 449.165 Thread 0x000001efceaa0100 nmethod 3577 0x000001efc02b5708 code [0x000001efc02b5800, 0x000001efc02b58c8]

GC Heap Usage History (2 events):
Event: 28.384 {heap Before GC invocations=0 (full 0):
 garbage-first heap   total reserved 4155392K, committed 262144K, used 29845K [0x0000000702600000, 0x0000000800000000)
  region size 2048K, 14 young (28672K), 0 survivors (0K)
}
Event: 28.415 {heap After GC invocations=1 (full 0):
 garbage-first heap   total reserved 4155392K, committed 262144K, used 4317K [0x0000000702600000, 0x0000000800000000)
  region size 2048K, 2 young (4096K), 2 survivors (4096K)
}

Metaspace Usage History (2 events):
Event: 28.384 {metaspace Before GC invocations=0 (full 0):
 Metaspace       used 5684K, committed 5888K, reserved 1114112K
  class space    used 700K, committed 832K, reserved 1048576K
}
Event: 28.415 {metaspace After GC invocations=1 (full 0):
 Metaspace       used 5684K, committed 5888K, reserved 1114112K
  class space    used 700K, committed 832K, reserved 1048576K
}

Dll operation events (7 events):
Event: 0.165 Loaded shared library C:\Program Files\Java\jdk-25.0.2\bin\java.dll
Event: 1.048 Loaded shared library C:\Program Files\Java\jdk-25.0.2\bin\net.dll
Event: 1.057 Loaded shared library C:\Program Files\Java\jdk-25.0.2\bin\nio.dll
Event: 1.097 Loaded shared library C:\Program Files\Java\jdk-25.0.2\bin\zip.dll
Event: 4.916 Loaded shared library C:\Users\SkyNet\.m2\wrapper\dists\apache-maven-3.9.16\0daed3be3ebd1c706f0e69e8b07c6b73f5cc4ea3dfce72a8d0ec2e849ca2ddb0\lib\jansi-native\Windows\x86_64\jansi.dll
Event: 5.641 Loaded shared library C:\Program Files\Java\jdk-25.0.2\bin\verify.dll
Event: 6.510 Loaded shared library C:\Program Files\Java\jdk-25.0.2\bin\jimage.dll

Deoptimization events (20 events):
Event: 415.228 Thread 0x000001efada13190 DEOPT PACKING pc=0x000001efc0291890 sp=0x000000dfd13fe240
Event: 415.228 Thread 0x000001efada13190 DEOPT UNPACKING pc=0x000001efbfc79402 sp=0x000000dfd13fe1c0 mode 2
Event: 417.557 Thread 0x000001efada13190 DEOPT PACKING pc=0x000001efb8bb3115 sp=0x000000dfd13fe100
Event: 417.557 Thread 0x000001efada13190 DEOPT UNPACKING pc=0x000001efbfc41702 sp=0x000000dfd13fd638 mode 0
Event: 431.552 Thread 0x000001efada13190 Uncommon trap: trap_request=0xffffff66 fr.pc=0x000001efc02ac9d4 relative=0x00000000000006d4
Event: 431.552 Thread 0x000001efada13190 Uncommon trap: reason=loop_limit_check action=maybe_recompile pc=0x000001efc02ac9d4 method=java.util.regex.Pattern$Start.match(Ljava/util/regex/Matcher;ILjava/lang/CharSequence;)Z @ 34 c2
Event: 431.552 Thread 0x000001efada13190 DEOPT PACKING pc=0x000001efc02ac9d4 sp=0x000000dfd13fe260
Event: 431.552 Thread 0x000001efada13190 DEOPT UNPACKING pc=0x000001efbfc79402 sp=0x000000dfd13fe220 mode 2
Event: 440.430 Thread 0x000001efada13190 Uncommon trap: trap_request=0xffffff45 fr.pc=0x000001efc0188ec8 relative=0x0000000000000148
Event: 440.430 Thread 0x000001efada13190 Uncommon trap: reason=unstable_if action=reinterpret pc=0x000001efc0188ec8 method=java.lang.String.indexOf(I)I @ 4 c2
Event: 440.430 Thread 0x000001efada13190 DEOPT PACKING pc=0x000001efc0188ec8 sp=0x000000dfd13fe350
Event: 440.430 Thread 0x000001efada13190 DEOPT UNPACKING pc=0x000001efbfc79402 sp=0x000000dfd13fe2f0 mode 2
Event: 440.430 Thread 0x000001efada13190 Uncommon trap: trap_request=0xffffff45 fr.pc=0x000001efc01bfa38 relative=0x00000000000005b8
Event: 440.430 Thread 0x000001efada13190 Uncommon trap: reason=unstable_if action=reinterpret pc=0x000001efc01bfa38 method=java.lang.String.substring(II)Ljava/lang/String; @ 31 c2
Event: 440.430 Thread 0x000001efada13190 DEOPT PACKING pc=0x000001efc01bfa38 sp=0x000000dfd13fe2f0
Event: 440.430 Thread 0x000001efada13190 DEOPT UNPACKING pc=0x000001efbfc79402 sp=0x000000dfd13fe2c0 mode 2
Event: 446.313 Thread 0x000001efada13190 Uncommon trap: trap_request=0xffffffec fr.pc=0x000001efc0235d34 relative=0x00000000000001b4
Event: 446.313 Thread 0x000001efada13190 Uncommon trap: reason=null_assert_or_unreached0 action=make_not_entrant pc=0x000001efc0235d34 method=java.lang.reflect.Method.copy()Ljava/lang/reflect/Method; @ 87 c2
Event: 446.313 Thread 0x000001efada13190 DEOPT PACKING pc=0x000001efc0235d34 sp=0x000000dfd13fd000
Event: 446.496 Thread 0x000001efada13190 DEOPT UNPACKING pc=0x000001efbfc79402 sp=0x000000dfd13fcf88 mode 2

Classes loaded (20 events):
Event: 356.050 Loading class java/lang/invoke/BoundMethodHandle$Species_LI
Event: 356.050 Loading class java/lang/invoke/BoundMethodHandle$Species_LI done
Event: 356.050 Loading class java/lang/invoke/ClassSpecializer$Factory$1
Event: 356.142 Loading class java/lang/invoke/ClassSpecializer$Factory$1 done
Event: 356.143 Loading class java/lang/invoke/ClassSpecializer$Factory$1$1
Event: 356.143 Loading class java/lang/invoke/ClassSpecializer$Factory$1$1 done
Event: 356.144 Loading class java/lang/invoke/ClassSpecializer$Factory$1$1Var
Event: 356.145 Loading class java/lang/invoke/ClassSpecializer$Factory$1$1Var done
Event: 356.145 Loading class java/lang/invoke/ClassSpecializer$Factory$1$2
Event: 356.145 Loading class java/lang/invoke/ClassSpecializer$Factory$1$2 done
Event: 356.146 Loading class java/lang/invoke/ClassSpecializer$Factory$1$3
Event: 356.860 Loading class java/lang/invoke/ClassSpecializer$Factory$1$3 done
Event: 356.861 Loading class java/lang/invoke/ClassSpecializer$Factory$1$4
Event: 356.861 Loading class java/lang/invoke/ClassSpecializer$Factory$1$4 done
Event: 356.861 Loading class java/lang/invoke/ClassSpecializer$Factory$1$5
Event: 356.862 Loading class java/lang/invoke/ClassSpecializer$Factory$1$5 done
Event: 356.862 Loading class java/lang/invoke/ClassSpecializer$Factory$1$5$1
Event: 356.862 Loading class java/lang/invoke/ClassSpecializer$Factory$1$5$1 done
Event: 369.687 Loading class java/util/stream/Streams$RangeIntSpliterator
Event: 369.844 Loading class java/util/stream/Streams$RangeIntSpliterator done

Classes unloaded (0 events):
No events

Classes redefined (0 events):
No events

Internal exceptions (20 events):
Event: 21.839 Thread 0x000001efada13190 Exception <a 'java/lang/NoSuchMethodError'{0x000000071127d9a8}: 'java.lang.Object java.lang.invoke.DirectMethodHandle$Holder.invokeInterface(java.lang.Object, java.lang.Object)'> (0x000000071127d9a8) 
thrown [s\open\src\hotspot\share\interpreter\linkResolver.cpp, line 804]
Event: 22.400 Thread 0x000001efada13190 Exception <a 'java/lang/NoSuchMethodError'{0x0000000711348340}: 'int java.lang.invoke.DirectMethodHandle$Holder.invokeStatic(java.lang.Object, java.lang.Object, java.lang.Object, java.lang.Object)'> (0x0000000711348340) 
thrown [s\open\src\hotspot\share\interpreter\linkResolver.cpp, line 804]
Event: 25.805 Thread 0x000001efada13190 Exception <a 'java/lang/NoSuchMethodError'{0x0000000711371f18}: 'int java.lang.invoke.DirectMethodHandle$Holder.invokeSpecialIFC(java.lang.Object, java.lang.Object, java.lang.Object, java.lang.Object, java.lang.Object)'> (0x0000000711371f18) 
thrown [s\open\src\hotspot\share\interpreter\linkResolver.cpp, line 804]
Event: 26.925 Thread 0x000001efada13190 Exception <a 'java/lang/NoSuchMethodError'{0x0000000711192590}: 'java.lang.Object java.lang.invoke.DirectMethodHandle$Holder.newInvokeSpecial(java.lang.Object, java.lang.Object, java.lang.Object, java.lang.Object, java.lang.Object)'> (0x0000000711192590) 
thrown [s\open\src\hotspot\share\interpreter\linkResolver.cpp, line 804]
Event: 27.289 Thread 0x000001efada13190 Exception <a 'java/lang/NoSuchMethodError'{0x0000000710ed40c8}: 'int java.lang.invoke.DirectMethodHandle$Holder.invokeStaticInit(java.lang.Object, java.lang.Object)'> (0x0000000710ed40c8) 
thrown [s\open\src\hotspot\share\interpreter\linkResolver.cpp, line 804]
Event: 27.369 Thread 0x000001efada13190 Exception <a 'java/lang/NoClassDefFoundError'{0x0000000710f15858}: javax/enterprise/inject/Typed> (0x0000000710f15858) 
thrown [s\open\src\hotspot\share\classfile\systemDictionary.cpp, line 316]
Event: 209.698 Thread 0x000001efada13190 Exception <a 'java/lang/NoSuchMethodError'{0x000000070fe308a8}: 'void java.lang.invoke.DirectMethodHandle$Holder.invokeStaticInit(java.lang.Object, java.lang.Object, java.lang.Object)'> (0x000000070fe308a8) 
thrown [s\open\src\hotspot\share\interpreter\linkResolver.cpp, line 804]
Event: 213.613 Thread 0x000001efada13190 Implicit null exception at 0x000001efc01fc720 to 0x000001efc01fc8ac
Event: 214.365 Thread 0x000001efada13190 Exception <a 'java/lang/NoSuchMethodError'{0x000000070fec6760}: 'java.lang.Object java.lang.invoke.Invokers$Holder.invokeExact_MT(java.lang.Object, int, java.lang.Object)'> (0x000000070fec6760) 
thrown [s\open\src\hotspot\share\interpreter\linkResolver.cpp, line 804]
Event: 274.515 Thread 0x000001efada13190 Exception <a 'java/lang/NoSuchMethodError'{0x000000070f7591a0}: 'void java.lang.invoke.Invokers$Holder.invokeExact_MT(java.lang.Object, java.lang.Object, java.lang.Object, java.lang.Object)'> (0x000000070f7591a0) 
thrown [s\open\src\hotspot\share\interpreter\linkResolver.cpp, line 804]
Event: 278.589 Thread 0x000001efada13190 Exception <a 'java/lang/NoClassDefFoundError'{0x000000070f7efe88}: com/google/inject/servlet/ServletModuleTargetVisitor> (0x000000070f7efe88) 
thrown [s\open\src\hotspot\share\classfile\systemDictionary.cpp, line 316]
Event: 304.242 Thread 0x000001efada13190 Exception <a 'java/lang/NoSuchMethodError'{0x000000070f28bf40}: 'java.lang.Object java.lang.invoke.DirectMethodHandle$Holder.invokeStaticInit(java.lang.Object, int, int, int, int)'> (0x000000070f28bf40) 
thrown [s\open\src\hotspot\share\interpreter\linkResolver.cpp, line 804]
Event: 332.019 Thread 0x000001efada13190 Implicit null exception at 0x000001efc01c3f36 to 0x000001efc01c4970
Event: 342.096 Thread 0x000001efada13190 Exception <a 'java/lang/NoSuchMethodError'{0x000000070ec4a228}: 'void java.lang.invoke.DirectMethodHandle$Holder.invokeSpecial(java.lang.Object, java.lang.Object, java.lang.Object, java.lang.Object, java.lang.Object)'> (0x000000070ec4a228) 
thrown [s\open\src\hotspot\share\interpreter\linkResolver.cpp, line 804]
Event: 342.896 Thread 0x000001efada13190 Exception <a 'java/lang/NoSuchMethodError'{0x000000070ec83038}: 'void java.lang.invoke.DirectMethodHandle$Holder.invokeSpecial(java.lang.Object, java.lang.Object, java.lang.Object, java.lang.Object, java.lang.Object, java.lang.Object)'> (0x000000070ec83038) 
thrown [s\open\src\hotspot\share\interpreter\linkResolver.cpp, line 804]
Event: 346.660 Thread 0x000001efada13190 Exception <a 'java/lang/NoSuchMethodError'{0x000000070eddc8b8}: 'java.lang.Object java.lang.invoke.DirectMethodHandle$Holder.invokeVirtual(java.lang.Object, java.lang.Object, java.lang.Object)'> (0x000000070eddc8b8) 
thrown [s\open\src\hotspot\share\interpreter\linkResolver.cpp, line 804]
Event: 355.896 Thread 0x000001efada13190 Exception <a 'java/lang/NoSuchMethodError'{0x000000070eba17d8}: 'void java.lang.invoke.DirectMethodHandle$Holder.invokeVirtual(java.lang.Object, java.lang.Object, int)'> (0x000000070eba17d8) 
thrown [s\open\src\hotspot\share\interpreter\linkResolver.cpp, line 804]
Event: 357.093 Thread 0x000001efada13190 Exception <a 'java/lang/NoSuchMethodError'{0x000000070ebba600}: 'java.lang.Object java.lang.invoke.DirectMethodHandle$Holder.invokeStatic(java.lang.Object, java.lang.Object, java.lang.Object, java.lang.Object, int)'> (0x000000070ebba600) 
thrown [s\open\src\hotspot\share\interpreter\linkResolver.cpp, line 804]
Event: 357.270 Thread 0x000001efada13190 Exception <a 'java/lang/NoSuchMethodError'{0x000000070ebcbd30}: 'void java.lang.invoke.DirectMethodHandle$Holder.invokeSpecial(java.lang.Object, java.lang.Object, java.lang.Object, int)'> (0x000000070ebcbd30) 
thrown [s\open\src\hotspot\share\interpreter\linkResolver.cpp, line 804]
Event: 357.271 Thread 0x000001efada13190 Exception <a 'java/lang/NoSuchMethodError'{0x000000070ebd40c8}: 'void java.lang.invoke.DelegatingMethodHandle$Holder.reinvoke_L(java.lang.Object, java.lang.Object, int)'> (0x000000070ebd40c8) 
thrown [s\open\src\hotspot\share\interpreter\linkResolver.cpp, line 804]

VM Operations (20 events):
Event: 294.490 Executing non-safepoint VM operation: HandshakeAllThreads (Deoptimize)
Event: 294.490 Executing non-safepoint VM operation: HandshakeAllThreads (Deoptimize) done
Event: 299.473 Executing non-safepoint VM operation: HandshakeAllThreads (Deoptimize)
Event: 299.474 Executing non-safepoint VM operation: HandshakeAllThreads (Deoptimize) done
Event: 301.545 Executing non-safepoint VM operation: HandshakeAllThreads (HandshakeForDeflation)
Event: 301.617 Executing non-safepoint VM operation: HandshakeAllThreads (HandshakeForDeflation) done
Event: 301.617 Executing non-safepoint VM operation: RendezvousGCThreads
Event: 301.617 Executing non-safepoint VM operation: RendezvousGCThreads done
Event: 308.011 Executing non-safepoint VM operation: HandshakeAllThreads (Deoptimize)
Event: 308.011 Executing non-safepoint VM operation: HandshakeAllThreads (Deoptimize) done
Event: 313.942 Executing non-safepoint VM operation: HandshakeAllThreads (Deoptimize)
Event: 314.177 Executing non-safepoint VM operation: HandshakeAllThreads (Deoptimize) done
Event: 321.793 Executing non-safepoint VM operation: HandshakeAllThreads (Deoptimize)
Event: 321.793 Executing non-safepoint VM operation: HandshakeAllThreads (Deoptimize) done
Event: 321.957 Executing non-safepoint VM operation: HandshakeAllThreads (Deoptimize)
Event: 321.957 Executing non-safepoint VM operation: HandshakeAllThreads (Deoptimize) done
Event: 361.656 Executing non-safepoint VM operation: HandshakeAllThreads (HandshakeForDeflation)
Event: 361.687 Executing non-safepoint VM operation: HandshakeAllThreads (HandshakeForDeflation) done
Event: 361.687 Executing non-safepoint VM operation: RendezvousGCThreads
Event: 361.687 Executing non-safepoint VM operation: RendezvousGCThreads done

Memory protections (0 events):
No events

Nmethod flushes (0 events):
No events

Events (15 events):
Event: 0.641 Thread 0x000001efada13190 Thread added: 0x000001efada13190
Event: 0.773 Thread 0x000001efada13190 Thread added: 0x000001efcea8d360
Event: 0.773 Thread 0x000001efada13190 Thread added: 0x000001efcea8eeb0
Event: 0.774 Thread 0x000001efada13190 Thread added: 0x000001efcea918c0
Event: 0.774 Thread 0x000001efada13190 Thread added: 0x000001efcea92480
Event: 0.774 Thread 0x000001efada13190 Thread added: 0x000001efcea93040
Event: 0.774 Thread 0x000001efada13190 Thread added: 0x000001efcea93c00
Event: 0.774 Thread 0x000001efada13190 Thread added: 0x000001efcea94af0
Event: 0.806 Thread 0x000001efada13190 Thread added: 0x000001efceaa0100
Event: 0.933 Thread 0x000001efada13190 Thread added: 0x000001efceb6b2e0
Event: 0.941 Thread 0x000001efada13190 Thread added: 0x000001efceb6baa0
Event: 4.795 Thread 0x000001efada13190 Thread added: 0x000001efd31a6e00
Event: 27.796 Thread 0x000001efcea94af0 Thread added: 0x000001efcebbcfa0
Event: 28.485 Thread 0x000001efcebbcfa0 Thread exited: 0x000001efcebbcfa0
Event: 313.331 Thread 0x000001efada13190 Thread added: 0x000001efd3789f90


Dynamic libraries:
0x00007ff7ce720000 - 0x00007ff7ce730000 	C:\Program Files\Java\jdk-25.0.2\bin\java.exe
0x00007ffccdac0000 - 0x00007ffccdd26000 	C:\WINDOWS\SYSTEM32\ntdll.dll
0x00007ffccc970000 - 0x00007ffccca39000 	C:\WINDOWS\System32\KERNEL32.DLL
0x00007ffccb3e0000 - 0x00007ffccb7de000 	C:\WINDOWS\System32\KERNELBASE.dll
0x00007ffccace0000 - 0x00007ffccae2c000 	C:\WINDOWS\System32\ucrtbase.dll
0x00007ffcc0600000 - 0x00007ffcc0617000 	C:\Program Files\Java\jdk-25.0.2\bin\jli.dll
0x00007ffcccdc0000 - 0x00007ffcccf87000 	C:\WINDOWS\System32\USER32.dll
0x00007ffccafc0000 - 0x00007ffccafe7000 	C:\WINDOWS\System32\win32u.dll
0x00007ffccc600000 - 0x00007ffccc62b000 	C:\WINDOWS\System32\GDI32.dll
0x00007ffccb080000 - 0x00007ffccb1aa000 	C:\WINDOWS\System32\gdi32full.dll
0x00007ffccb330000 - 0x00007ffccb3d3000 	C:\WINDOWS\System32\msvcp_win.dll
0x00007ffca51c0000 - 0x00007ffca51de000 	C:\Program Files\Java\jdk-25.0.2\bin\VCRUNTIME140.dll
0x00007ffcc1690000 - 0x00007ffcc1922000 	C:\WINDOWS\WinSxS\amd64_microsoft.windows.common-controls_6595b64144ccf1df_6.0.26100.8875_none_3e0d5d42e32fe9dd\COMCTL32.dll
0x00007ffcccf90000 - 0x00007ffccd039000 	C:\WINDOWS\System32\msvcrt.dll
0x00007ffccbe20000 - 0x00007ffccbe52000 	C:\WINDOWS\System32\IMM32.DLL
0x00007ffcb8100000 - 0x00007ffcb810c000 	C:\Program Files\Java\jdk-25.0.2\bin\vcruntime140_1.dll
0x00007ffc9c630000 - 0x00007ffc9c6bd000 	C:\Program Files\Java\jdk-25.0.2\bin\msvcp140.dll
0x00007ffc34c70000 - 0x00007ffc35acf000 	C:\Program Files\Java\jdk-25.0.2\bin\server\jvm.dll
0x00007ffccbc80000 - 0x00007ffccbd37000 	C:\WINDOWS\System32\ADVAPI32.dll
0x00007ffccbd40000 - 0x00007ffccbdea000 	C:\WINDOWS\System32\sechost.dll
0x00007ffcccbb0000 - 0x00007ffccccc8000 	C:\WINDOWS\System32\RPCRT4.dll
0x00007ffccc660000 - 0x00007ffccc6e0000 	C:\WINDOWS\System32\WS2_32.dll
0x00007ffccab40000 - 0x00007ffccab9e000 	C:\WINDOWS\SYSTEM32\POWRPROF.dll
0x00007ffcb1990000 - 0x00007ffcb19c6000 	C:\WINDOWS\SYSTEM32\WINMM.dll
0x00007ffcbb650000 - 0x00007ffcbb65b000 	C:\WINDOWS\SYSTEM32\VERSION.dll
0x00007ffccab20000 - 0x00007ffccab34000 	C:\WINDOWS\SYSTEM32\UMPDC.dll
0x00007ffcc9980000 - 0x00007ffcc999b000 	C:\WINDOWS\SYSTEM32\kernel.appcore.dll
0x00007ffcab730000 - 0x00007ffcab73a000 	C:\Program Files\Java\jdk-25.0.2\bin\jimage.dll
0x00007ffcc84c0000 - 0x00007ffcc8702000 	C:\WINDOWS\SYSTEM32\DBGHELP.DLL
0x00007ffccb7f0000 - 0x00007ffccbb73000 	C:\WINDOWS\System32\combase.dll
0x00007ffccbba0000 - 0x00007ffccbc79000 	C:\WINDOWS\System32\OLEAUT32.dll
0x00007ffcad9b0000 - 0x00007ffcad9eb000 	C:\WINDOWS\SYSTEM32\dbgcore.DLL
0x00007ffccae40000 - 0x00007ffccaeec000 	C:\WINDOWS\System32\bcryptPrimitives.dll
0x00007ffca23e0000 - 0x00007ffca23ff000 	C:\Program Files\Java\jdk-25.0.2\bin\java.dll
0x00007ffccd8e0000 - 0x00007ffccda79000 	C:\WINDOWS\System32\ole32.dll
0x00007ffccd040000 - 0x00007ffccd7d2000 	C:\WINDOWS\System32\SHELL32.dll
0x00007ffcc8760000 - 0x00007ffcc8ff2000 	C:\WINDOWS\SYSTEM32\windows.storage.dll
0x00007ffccc3b0000 - 0x00007ffccc4a7000 	C:\WINDOWS\System32\SHCORE.dll
0x00007ffccccd0000 - 0x00007ffcccd37000 	C:\WINDOWS\System32\shlwapi.dll
0x00007ffccac00000 - 0x00007ffccac29000 	C:\WINDOWS\SYSTEM32\profapi.dll
0x00007ffca22f0000 - 0x00007ffca2302000 	C:\Program Files\Java\jdk-25.0.2\bin\net.dll
0x00007ffcc9f10000 - 0x00007ffcc9f7c000 	C:\WINDOWS\system32\mswsock.dll
0x00007ffca17d0000 - 0x00007ffca17e6000 	C:\Program Files\Java\jdk-25.0.2\bin\nio.dll
0x00007ffca17b0000 - 0x00007ffca17c7000 	C:\Program Files\Java\jdk-25.0.2\bin\zip.dll
0x00007ffcb8110000 - 0x00007ffcb8134000 	C:\Users\SkyNet\.m2\wrapper\dists\apache-maven-3.9.16\0daed3be3ebd1c706f0e69e8b07c6b73f5cc4ea3dfce72a8d0ec2e849ca2ddb0\lib\jansi-native\Windows\x86_64\jansi.dll
0x00007ffca50e0000 - 0x00007ffca50f0000 	C:\Program Files\Java\jdk-25.0.2\bin\verify.dll

JVMTI agents: none

dbghelp: loaded successfully - version: 4.0.5 - missing functions: none
symbol engine: initialized successfully - sym options: 0x614 - pdb path: .;C:\Program Files\Java\jdk-25.0.2\bin;C:\WINDOWS\SYSTEM32;C:\WINDOWS\WinSxS\amd64_microsoft.windows.common-controls_6595b64144ccf1df_6.0.26100.8875_none_3e0d5d42e32fe9dd;C:\Program Files\Java\jdk-25.0.2\bin\server;C:\Users\SkyNet\.m2\wrapper\dists\apache-maven-3.9.16\0daed3be3ebd1c706f0e69e8b07c6b73f5cc4ea3dfce72a8d0ec2e849ca2ddb0\lib\jansi-native\Windows\x86_64

VM Arguments:
jvm_args: --enable-native-access=ALL-UNNAMED -Dclassworlds.conf=C:\Users\SkyNet\.m2\wrapper\dists\apache-maven-3.9.16\0daed3be3ebd1c706f0e69e8b07c6b73f5cc4ea3dfce72a8d0ec2e849ca2ddb0\bin\m2.conf -Dmaven.home=C:\Users\SkyNet\.m2\wrapper\dists\apache-maven-3.9.16\0daed3be3ebd1c706f0e69e8b07c6b73f5cc4ea3dfce72a8d0ec2e849ca2ddb0 -Dlibrary.jansi.path=C:\Users\SkyNet\.m2\wrapper\dists\apache-maven-3.9.16\0daed3be3ebd1c706f0e69e8b07c6b73f5cc4ea3dfce72a8d0ec2e849ca2ddb0\lib\jansi-native -Dmaven.multiModuleProjectDirectory=C:\java-projects\ztp 
java_command: org.codehaus.plexus.classworlds.launcher.Launcher clean install
java_class_path (initial): C:\Users\SkyNet\.m2\wrapper\dists\apache-maven-3.9.16\0daed3be3ebd1c706f0e69e8b07c6b73f5cc4ea3dfce72a8d0ec2e849ca2ddb0\boot\plexus-classworlds-2.11.0.jar
Launcher Type: SUN_STANDARD

[Global flags]
     intx CICompilerCount                          = 3                                         {product} {ergonomic}
     uint ConcGCThreads                            = 1                                         {product} {ergonomic}
     uint G1ConcRefinementThreads                  = 4                                         {product} {ergonomic}
   size_t G1HeapRegionSize                         = 2097152                                   {product} {ergonomic}
   size_t InitialHeapSize                          = 266338304                                 {product} {ergonomic}
   size_t MarkStackSize                            = 4194304                                   {product} {ergonomic}
   size_t MarkStackSizeMax                         = 536870912                                 {product} {ergonomic}
   size_t MaxHeapSize                              = 4255121408                                {product} {ergonomic}
   size_t MaxNewSize                               = 2552233984                                {product} {ergonomic}
   size_t MinHeapDeltaBytes                        = 2097152                                   {product} {ergonomic}
   size_t MinHeapSize                              = 8388608                                   {product} {ergonomic}
    uintx NonNMethodCodeHeapSize                   = 5832704                                {pd product} {ergonomic}
    uintx NonProfiledCodeHeapSize                  = 122945536                              {pd product} {ergonomic}
    uintx ProfiledCodeHeapSize                     = 122880000                              {pd product} {ergonomic}
    uintx ReservedCodeCacheSize                    = 251658240                              {pd product} {ergonomic}
     bool SegmentedCodeCache                       = true                                      {product} {ergonomic}
   size_t SoftMaxHeapSize                          = 4255121408                             {manageable} {ergonomic}
     bool UseCompressedOops                        = true                           {product lp64_product} {ergonomic}
     bool UseG1GC                                  = true                                      {product} {ergonomic}
     bool UseLargePagesIndividualAllocation        = false                                  {pd product} {ergonomic}

Logging:
Log output configuration:
 #0: stdout all=warning uptime,level,tags foldmultilines=false
 #1: stderr all=off uptime,level,tags foldmultilines=false

Release file:
IMPLEMENTOR="Oracle Corporation" 
JAVA_RUNTIME_VERSION="25.0.2+10-LTS-69" 
JAVA_VERSION="25.0.2" 
JAVA_VERSION_DATE="2026-01-20" 
LIBC="default" 
MODULES="java.base java.compiler java.datatransfer java.xml java.prefs java.desktop java.instrument java.logging java.management java.security.sasl java.naming java.rmi java.management.rmi java.net.http java.scripting java.security.jgss java.transaction.xa java.sql java.sql.rowset java.xml.crypto java.se java.smartcardio jdk.accessibility jdk.internal.jvmstat jdk.attach jdk.charsets jdk.internal.opt jdk.zipfs jdk.compiler jdk.crypto.cryptoki jdk.crypto.ec jdk.crypto.mscapi jdk.dynalink jdk.internal.ed jdk.editpad jdk.internal.vm.ci jdk.graal.compiler jdk.graal.compiler.management jdk.hotspot.agent jdk.httpserver jdk.incubator.vector jdk.internal.le jdk.internal.md jdk.jartool jdk.javadoc jdk.jcmd jdk.management jdk.management.agent jdk.jconsole jdk.jdeps jdk.jdwp.agent jdk.jdi jdk.jfr jdk.jlink jdk.jpackage jdk.jshell jdk.jsobject jdk.jstatd jdk.localedata jdk.management.jfr jdk.naming.dns jdk.naming.rmi jdk.net jdk.nio.mapmode jdk.sctp jdk.security.auth jdk.security.jgss jdk.unsupported jdk.unsupported.desktop jdk.xml.dom" 
OS_ARCH="x86_64" 
OS_NAME="Windows" 
SOURCE=".:git:b75efb40c93a open:git:405a5699ebd0" 

Environment Variables:
PATH=C:\Program Files\Common Files\Oracle\Java\javapath;C:\WINDOWS\system32;C:\WINDOWS;C:\WINDOWS\System32\Wbem;C:\WINDOWS\System32\WindowsPowerShell\v1.0\;C:\WINDOWS\System32\OpenSSH\;C:\xampp\php;C:\ProgramData\ComposerSetup\bin;C:\Program Files\Git\cmd;C:\Program Files\nodejs\;C:\Program Files\nodejs\;C:\Users\SkyNet\scoop\shims;C:\Users\SkyNet\AppData\Local\Microsoft\WindowsApps;C:\Users\SkyNet\AppData\Local\Programs\Microsoft VS Code\bin;C:\Users\SkyNet\AppData\Roaming\Composer\vendor\bin;C:\Users\SkyNet\AppData\Roaming\npm;C:\Program Files\JetBrains\PhpStorm 2025.2.1\bin;C:\Users\SkyNet\AppData\Roaming\Composer\Vendor\Bin;C:\Users\SkyNet\AppData\Local\Programs\cursor\resources\app\bin
USERNAME=SkyNet
OS=Windows_NT
PROCESSOR_IDENTIFIER=Intel64 Family 6 Model 142 Stepping 9, GenuineIntel
TMP=C:\Users\SkyNet\AppData\Local\Temp
TEMP=C:\Users\SkyNet\AppData\Local\Temp




Compilation memory statistics disabled.

Periodic native trim disabled

---------------  S Y S T E M  ---------------

OS:
 Windows 11 , 64 bit Build 26100 (10.0.26100.8875)
OS uptime: 0 days 17:10 hours
Hyper-V role detected

CPU: total 4 (initial active 4) (2 cores per cpu, 2 threads per core) family 6 model 142 stepping 9 microcode 0xf6, cx8, cmov, fxsr, ht, mmx, 3dnowpref, sse, sse2, sse3, ssse3, sse4.1, sse4.2, popcnt, lzcnt, tsc, tscinvbit, avx, avx2, aes, erms, clmul, bmi1, bmi2, rtm, adx, fma, vzeroupper, clflush, clflushopt, hv, rdtscp, f16c
Processor Information for the first 4 processors :
  Max Mhz: 2712, Current Mhz: 2611, Mhz Limit: 2603

Memory: 4k page, system-wide physical 16227M (537M free)
TotalPageFile size 46637M (AvailPageFile size 92M)
current process WorkingSet (physical memory assigned to process): 146M, peak: 146M
current process commit charge ("private bytes"): 362M, peak: 374M

vm_info: Java HotSpot(TM) 64-Bit Server VM (25.0.2+10-LTS-69) for windows-amd64 JRE (25.0.2+10-LTS-69), built on 2025-12-18T11:36:35Z with MS VC++ 17.13 (VS2022)

END.
